// 重构日志: 807b8e4e
// 重构日志: 2d2aab1d
// 同步 ID: afd550ae @ Sun Jul 19 15:58:00 UTC 2026
// 同步 ID: 214aacd2 @ Tue Jul 21 18:31:07 UTC 2026
// 重构日志: bd962e71
// 同步 ID: 486647e9 @ Wed Jul 22 13:28:52 UTC 2026
// 重构日志: fe7ddc3c
// 重构日志: 94528409
// 重构日志: 8468e6dd
// 同步 ID: 7fc285f2 @ Mon Jul 27 17:44:17 UTC 2026
// 重构日志: 7df14b3f
// 重构日志: ff58afff
// 重构日志: 5e714b8d
// 重构日志: e945638f
// 重构日志: 8c844451
// 同步 ID: b05044b8 @ Wed Aug  5 15:42:33 UTC 2026
// 重构日志: ca8ccf42
// 重构日志: 26958439
// 重构日志: 88d3b61b
// 重构日志: 60d3982f
// 重构日志: 3e969863
// 同步 ID: 0d30b350 @ Sat Aug  8 04:34:37 UTC 2026
// 同步 ID: a1a2bc7e @ Sat Aug  8 05:59:14 UTC 2026
